// Jest Snapshot v1, https://goo.gl/fbAQLP

exports[`Parsed class should match stored snapshot 1`] = `
ActionClass {
  "_importMap": Object {
    "ParseTest": "package.ParseTest",
  },
  "_imports": Array [],
  "_instanceMemberLookup": Object {
    "ParseTest": Object {
      "isConstructor": true,
      "isMethod": true,
      "isPublic": true,
      "isStatic": false,
      "locals": Array [],
      "locationRange": undefined,
      "name": "ParseTest",
      "owningClass": [Circular],
      "parameters": Array [],
      "returnType": "ParseTest",
      "scopedMembers": Array [],
    },
    "memberA": Object {
      "isPublic": true,
      "isStatic": false,
      "name": "memberA",
      "owningClass": [Circular],
      "returnType": "String",
    },
    "memberB": Object {
      "isPublic": false,
      "isStatic": false,
      "name": "memberB",
      "owningClass": [Circular],
      "returnType": "Number",
    },
    "memberE": Object {
      "isPublic": true,
      "isStatic": false,
      "name": "memberE",
      "owningClass": [Circular],
      "returnType": "MovieClip",
    },
    "methodA": Object {
      "isConstructor": false,
      "isMethod": true,
      "isPublic": true,
      "isStatic": false,
      "locals": Array [
        Object {
          "isArgument": false,
          "isInline": true,
          "name": "inline1",
          "returnType": "String",
        },
        Object {
          "isArgument": false,
          "isInline": true,
          "name": "inline2",
          "returnType": "Object",
        },
        Object {
          "isArgument": false,
          "isInline": true,
          "name": "inline3",
          "returnType": "String",
        },
      ],
      "locationRange": undefined,
      "name": "methodA",
      "owningClass": [Circular],
      "parameters": Array [
        Object {
          "isArgument": true,
          "isInline": false,
          "name": "arg1",
          "returnType": "String",
        },
        Object {
          "isArgument": true,
          "isInline": false,
          "name": "arg2",
          "returnType": "Number",
        },
      ],
      "returnType": "String",
      "scopedMembers": Array [
        Object {
          "isArgument": true,
          "isInline": false,
          "name": "arg1",
          "returnType": "String",
        },
        Object {
          "isArgument": true,
          "isInline": false,
          "name": "arg2",
          "returnType": "Number",
        },
        Object {
          "isArgument": false,
          "isInline": true,
          "name": "inline1",
          "returnType": "String",
        },
        Object {
          "isArgument": false,
          "isInline": true,
          "name": "inline2",
          "returnType": "Object",
        },
        Object {
          "isArgument": false,
          "isInline": true,
          "name": "inline3",
          "returnType": "String",
        },
      ],
    },
    "methodB": Object {
      "isConstructor": false,
      "isMethod": true,
      "isPublic": false,
      "isStatic": false,
      "locals": Array [
        Object {
          "isArgument": false,
          "isInline": true,
          "name": "inline1",
          "returnType": "String",
        },
      ],
      "locationRange": undefined,
      "name": "methodB",
      "owningClass": [Circular],
      "parameters": Array [
        Object {
          "isArgument": true,
          "isInline": false,
          "name": "arg1",
          "returnType": "Boolean",
        },
        Object {
          "isArgument": true,
          "isInline": false,
          "name": "arg2",
          "returnType": "Object",
        },
      ],
      "returnType": "Void",
      "scopedMembers": Array [
        Object {
          "isArgument": true,
          "isInline": false,
          "name": "arg1",
          "returnType": "Boolean",
        },
        Object {
          "isArgument": true,
          "isInline": false,
          "name": "arg2",
          "returnType": "Object",
        },
        Object {
          "isArgument": false,
          "isInline": true,
          "name": "inline1",
          "returnType": "String",
        },
      ],
    },
    "super": Object {
      "isPublic": false,
      "isStatic": false,
      "name": "super",
      "returnType": "MovieClip",
    },
    "this": Object {
      "isPublic": false,
      "isStatic": false,
      "name": "this",
      "returnType": "package.ParseTest",
    },
  },
  "_instanceMembers": Array [
    Object {
      "isPublic": true,
      "isStatic": false,
      "name": "memberA",
      "owningClass": [Circular],
      "returnType": "String",
    },
    Object {
      "isPublic": false,
      "isStatic": false,
      "name": "memberB",
      "owningClass": [Circular],
      "returnType": "Number",
    },
    Object {
      "isPublic": true,
      "isStatic": false,
      "name": "memberE",
      "owningClass": [Circular],
      "returnType": "MovieClip",
    },
    Object {
      "isConstructor": true,
      "isMethod": true,
      "isPublic": true,
      "isStatic": false,
      "locals": Array [],
      "locationRange": undefined,
      "name": "ParseTest",
      "owningClass": [Circular],
      "parameters": Array [],
      "returnType": "ParseTest",
      "scopedMembers": Array [],
    },
    Object {
      "isConstructor": false,
      "isMethod": true,
      "isPublic": true,
      "isStatic": false,
      "locals": Array [
        Object {
          "isArgument": false,
          "isInline": true,
          "name": "inline1",
          "returnType": "String",
        },
        Object {
          "isArgument": false,
          "isInline": true,
          "name": "inline2",
          "returnType": "Object",
        },
        Object {
          "isArgument": false,
          "isInline": true,
          "name": "inline3",
          "returnType": "String",
        },
      ],
      "locationRange": undefined,
      "name": "methodA",
      "owningClass": [Circular],
      "parameters": Array [
        Object {
          "isArgument": true,
          "isInline": false,
          "name": "arg1",
          "returnType": "String",
        },
        Object {
          "isArgument": true,
          "isInline": false,
          "name": "arg2",
          "returnType": "Number",
        },
      ],
      "returnType": "String",
      "scopedMembers": Array [
        Object {
          "isArgument": true,
          "isInline": false,
          "name": "arg1",
          "returnType": "String",
        },
        Object {
          "isArgument": true,
          "isInline": false,
          "name": "arg2",
          "returnType": "Number",
        },
        Object {
          "isArgument": false,
          "isInline": true,
          "name": "inline1",
          "returnType": "String",
        },
        Object {
          "isArgument": false,
          "isInline": true,
          "name": "inline2",
          "returnType": "Object",
        },
        Object {
          "isArgument": false,
          "isInline": true,
          "name": "inline3",
          "returnType": "String",
        },
      ],
    },
    Object {
      "isConstructor": false,
      "isMethod": true,
      "isPublic": false,
      "isStatic": false,
      "locals": Array [
        Object {
          "isArgument": false,
          "isInline": true,
          "name": "inline1",
          "returnType": "String",
        },
      ],
      "locationRange": undefined,
      "name": "methodB",
      "owningClass": [Circular],
      "parameters": Array [
        Object {
          "isArgument": true,
          "isInline": false,
          "name": "arg1",
          "returnType": "Boolean",
        },
        Object {
          "isArgument": true,
          "isInline": false,
          "name": "arg2",
          "returnType": "Object",
        },
      ],
      "returnType": "Void",
      "scopedMembers": Array [
        Object {
          "isArgument": true,
          "isInline": false,
          "name": "arg1",
          "returnType": "Boolean",
        },
        Object {
          "isArgument": true,
          "isInline": false,
          "name": "arg2",
          "returnType": "Object",
        },
        Object {
          "isArgument": false,
          "isInline": true,
          "name": "inline1",
          "returnType": "String",
        },
      ],
    },
    Object {
      "isPublic": false,
      "isStatic": false,
      "name": "this",
      "returnType": "package.ParseTest",
    },
    Object {
      "isPublic": false,
      "isStatic": false,
      "name": "super",
      "returnType": "MovieClip",
    },
  ],
  "_lineToMethodLookup": Array [],
  "_memberLookup": Object {
    "ParseTest": Object {
      "isConstructor": true,
      "isMethod": true,
      "isPublic": true,
      "isStatic": false,
      "locals": Array [],
      "locationRange": undefined,
      "name": "ParseTest",
      "owningClass": [Circular],
      "parameters": Array [],
      "returnType": "ParseTest",
      "scopedMembers": Array [],
    },
    "memberA": Object {
      "isPublic": true,
      "isStatic": false,
      "name": "memberA",
      "owningClass": [Circular],
      "returnType": "String",
    },
    "memberB": Object {
      "isPublic": false,
      "isStatic": false,
      "name": "memberB",
      "owningClass": [Circular],
      "returnType": "Number",
    },
    "memberC": Object {
      "isPublic": true,
      "isStatic": true,
      "name": "memberC",
      "owningClass": [Circular],
      "returnType": "Boolean",
    },
    "memberD": Object {
      "isPublic": false,
      "isStatic": true,
      "name": "memberD",
      "owningClass": [Circular],
      "returnType": "Object",
    },
    "memberE": Object {
      "isPublic": true,
      "isStatic": false,
      "name": "memberE",
      "owningClass": [Circular],
      "returnType": "MovieClip",
    },
    "memberF": Object {
      "isPublic": true,
      "isStatic": true,
      "name": "memberF",
      "owningClass": [Circular],
      "returnType": undefined,
    },
    "methodA": Object {
      "isConstructor": false,
      "isMethod": true,
      "isPublic": true,
      "isStatic": false,
      "locals": Array [
        Object {
          "isArgument": false,
          "isInline": true,
          "name": "inline1",
          "returnType": "String",
        },
        Object {
          "isArgument": false,
          "isInline": true,
          "name": "inline2",
          "returnType": "Object",
        },
        Object {
          "isArgument": false,
          "isInline": true,
          "name": "inline3",
          "returnType": "String",
        },
      ],
      "locationRange": undefined,
      "name": "methodA",
      "owningClass": [Circular],
      "parameters": Array [
        Object {
          "isArgument": true,
          "isInline": false,
          "name": "arg1",
          "returnType": "String",
        },
        Object {
          "isArgument": true,
          "isInline": false,
          "name": "arg2",
          "returnType": "Number",
        },
      ],
      "returnType": "String",
      "scopedMembers": Array [
        Object {
          "isArgument": true,
          "isInline": false,
          "name": "arg1",
          "returnType": "String",
        },
        Object {
          "isArgument": true,
          "isInline": false,
          "name": "arg2",
          "returnType": "Number",
        },
        Object {
          "isArgument": false,
          "isInline": true,
          "name": "inline1",
          "returnType": "String",
        },
        Object {
          "isArgument": false,
          "isInline": true,
          "name": "inline2",
          "returnType": "Object",
        },
        Object {
          "isArgument": false,
          "isInline": true,
          "name": "inline3",
          "returnType": "String",
        },
      ],
    },
    "methodB": Object {
      "isConstructor": false,
      "isMethod": true,
      "isPublic": false,
      "isStatic": false,
      "locals": Array [
        Object {
          "isArgument": false,
          "isInline": true,
          "name": "inline1",
          "returnType": "String",
        },
      ],
      "locationRange": undefined,
      "name": "methodB",
      "owningClass": [Circular],
      "parameters": Array [
        Object {
          "isArgument": true,
          "isInline": false,
          "name": "arg1",
          "returnType": "Boolean",
        },
        Object {
          "isArgument": true,
          "isInline": false,
          "name": "arg2",
          "returnType": "Object",
        },
      ],
      "returnType": "Void",
      "scopedMembers": Array [
        Object {
          "isArgument": true,
          "isInline": false,
          "name": "arg1",
          "returnType": "Boolean",
        },
        Object {
          "isArgument": true,
          "isInline": false,
          "name": "arg2",
          "returnType": "Object",
        },
        Object {
          "isArgument": false,
          "isInline": true,
          "name": "inline1",
          "returnType": "String",
        },
      ],
    },
    "methodC": Object {
      "isConstructor": false,
      "isMethod": true,
      "isPublic": true,
      "isStatic": true,
      "locals": Array [],
      "locationRange": undefined,
      "name": "methodC",
      "owningClass": [Circular],
      "parameters": Array [],
      "returnType": "Void",
      "scopedMembers": Array [],
    },
    "methodD": Object {
      "isConstructor": false,
      "isMethod": true,
      "isPublic": false,
      "isStatic": true,
      "locals": Array [
        Object {
          "isArgument": false,
          "isInline": true,
          "name": "inline1",
          "returnType": "String",
        },
      ],
      "locationRange": undefined,
      "name": "methodD",
      "owningClass": [Circular],
      "parameters": Array [],
      "returnType": "Void",
      "scopedMembers": Array [
        Object {
          "isArgument": false,
          "isInline": true,
          "name": "inline1",
          "returnType": "String",
        },
      ],
    },
    "super": Object {
      "isPublic": false,
      "isStatic": false,
      "name": "super",
      "returnType": "MovieClip",
    },
    "this": Object {
      "isPublic": false,
      "isStatic": false,
      "name": "this",
      "returnType": "package.ParseTest",
    },
  },
  "_members": Array [
    Object {
      "isPublic": true,
      "isStatic": false,
      "name": "memberA",
      "owningClass": [Circular],
      "returnType": "String",
    },
    Object {
      "isPublic": false,
      "isStatic": false,
      "name": "memberB",
      "owningClass": [Circular],
      "returnType": "Number",
    },
    Object {
      "isPublic": true,
      "isStatic": true,
      "name": "memberC",
      "owningClass": [Circular],
      "returnType": "Boolean",
    },
    Object {
      "isPublic": false,
      "isStatic": true,
      "name": "memberD",
      "owningClass": [Circular],
      "returnType": "Object",
    },
    Object {
      "isPublic": true,
      "isStatic": false,
      "name": "memberE",
      "owningClass": [Circular],
      "returnType": "MovieClip",
    },
    Object {
      "isPublic": true,
      "isStatic": true,
      "name": "memberF",
      "owningClass": [Circular],
      "returnType": undefined,
    },
    Object {
      "isConstructor": true,
      "isMethod": true,
      "isPublic": true,
      "isStatic": false,
      "locals": Array [],
      "locationRange": undefined,
      "name": "ParseTest",
      "owningClass": [Circular],
      "parameters": Array [],
      "returnType": "ParseTest",
      "scopedMembers": Array [],
    },
    Object {
      "isConstructor": false,
      "isMethod": true,
      "isPublic": true,
      "isStatic": false,
      "locals": Array [
        Object {
          "isArgument": false,
          "isInline": true,
          "name": "inline1",
          "returnType": "String",
        },
        Object {
          "isArgument": false,
          "isInline": true,
          "name": "inline2",
          "returnType": "Object",
        },
        Object {
          "isArgument": false,
          "isInline": true,
          "name": "inline3",
          "returnType": "String",
        },
      ],
      "locationRange": undefined,
      "name": "methodA",
      "owningClass": [Circular],
      "parameters": Array [
        Object {
          "isArgument": true,
          "isInline": false,
          "name": "arg1",
          "returnType": "String",
        },
        Object {
          "isArgument": true,
          "isInline": false,
          "name": "arg2",
          "returnType": "Number",
        },
      ],
      "returnType": "String",
      "scopedMembers": Array [
        Object {
          "isArgument": true,
          "isInline": false,
          "name": "arg1",
          "returnType": "String",
        },
        Object {
          "isArgument": true,
          "isInline": false,
          "name": "arg2",
          "returnType": "Number",
        },
        Object {
          "isArgument": false,
          "isInline": true,
          "name": "inline1",
          "returnType": "String",
        },
        Object {
          "isArgument": false,
          "isInline": true,
          "name": "inline2",
          "returnType": "Object",
        },
        Object {
          "isArgument": false,
          "isInline": true,
          "name": "inline3",
          "returnType": "String",
        },
      ],
    },
    Object {
      "isConstructor": false,
      "isMethod": true,
      "isPublic": false,
      "isStatic": false,
      "locals": Array [
        Object {
          "isArgument": false,
          "isInline": true,
          "name": "inline1",
          "returnType": "String",
        },
      ],
      "locationRange": undefined,
      "name": "methodB",
      "owningClass": [Circular],
      "parameters": Array [
        Object {
          "isArgument": true,
          "isInline": false,
          "name": "arg1",
          "returnType": "Boolean",
        },
        Object {
          "isArgument": true,
          "isInline": false,
          "name": "arg2",
          "returnType": "Object",
        },
      ],
      "returnType": "Void",
      "scopedMembers": Array [
        Object {
          "isArgument": true,
          "isInline": false,
          "name": "arg1",
          "returnType": "Boolean",
        },
        Object {
          "isArgument": true,
          "isInline": false,
          "name": "arg2",
          "returnType": "Object",
        },
        Object {
          "isArgument": false,
          "isInline": true,
          "name": "inline1",
          "returnType": "String",
        },
      ],
    },
    Object {
      "isConstructor": false,
      "isMethod": true,
      "isPublic": true,
      "isStatic": true,
      "locals": Array [],
      "locationRange": undefined,
      "name": "methodC",
      "owningClass": [Circular],
      "parameters": Array [],
      "returnType": "Void",
      "scopedMembers": Array [],
    },
    Object {
      "isConstructor": false,
      "isMethod": true,
      "isPublic": false,
      "isStatic": true,
      "locals": Array [
        Object {
          "isArgument": false,
          "isInline": true,
          "name": "inline1",
          "returnType": "String",
        },
      ],
      "locationRange": undefined,
      "name": "methodD",
      "owningClass": [Circular],
      "parameters": Array [],
      "returnType": "Void",
      "scopedMembers": Array [
        Object {
          "isArgument": false,
          "isInline": true,
          "name": "inline1",
          "returnType": "String",
        },
      ],
    },
    Object {
      "isPublic": false,
      "isStatic": false,
      "name": "this",
      "returnType": "package.ParseTest",
    },
    Object {
      "isPublic": false,
      "isStatic": false,
      "name": "super",
      "returnType": "MovieClip",
    },
  ],
  "_methods": Array [
    Object {
      "isConstructor": true,
      "isMethod": true,
      "isPublic": true,
      "isStatic": false,
      "locals": Array [],
      "locationRange": undefined,
      "name": "ParseTest",
      "owningClass": [Circular],
      "parameters": Array [],
      "returnType": "ParseTest",
      "scopedMembers": Array [],
    },
    Object {
      "isConstructor": false,
      "isMethod": true,
      "isPublic": true,
      "isStatic": false,
      "locals": Array [
        Object {
          "isArgument": false,
          "isInline": true,
          "name": "inline1",
          "returnType": "String",
        },
        Object {
          "isArgument": false,
          "isInline": true,
          "name": "inline2",
          "returnType": "Object",
        },
        Object {
          "isArgument": false,
          "isInline": true,
          "name": "inline3",
          "returnType": "String",
        },
      ],
      "locationRange": undefined,
      "name": "methodA",
      "owningClass": [Circular],
      "parameters": Array [
        Object {
          "isArgument": true,
          "isInline": false,
          "name": "arg1",
          "returnType": "String",
        },
        Object {
          "isArgument": true,
          "isInline": false,
          "name": "arg2",
          "returnType": "Number",
        },
      ],
      "returnType": "String",
      "scopedMembers": Array [
        Object {
          "isArgument": true,
          "isInline": false,
          "name": "arg1",
          "returnType": "String",
        },
        Object {
          "isArgument": true,
          "isInline": false,
          "name": "arg2",
          "returnType": "Number",
        },
        Object {
          "isArgument": false,
          "isInline": true,
          "name": "inline1",
          "returnType": "String",
        },
        Object {
          "isArgument": false,
          "isInline": true,
          "name": "inline2",
          "returnType": "Object",
        },
        Object {
          "isArgument": false,
          "isInline": true,
          "name": "inline3",
          "returnType": "String",
        },
      ],
    },
    Object {
      "isConstructor": false,
      "isMethod": true,
      "isPublic": false,
      "isStatic": false,
      "locals": Array [
        Object {
          "isArgument": false,
          "isInline": true,
          "name": "inline1",
          "returnType": "String",
        },
      ],
      "locationRange": undefined,
      "name": "methodB",
      "owningClass": [Circular],
      "parameters": Array [
        Object {
          "isArgument": true,
          "isInline": false,
          "name": "arg1",
          "returnType": "Boolean",
        },
        Object {
          "isArgument": true,
          "isInline": false,
          "name": "arg2",
          "returnType": "Object",
        },
      ],
      "returnType": "Void",
      "scopedMembers": Array [
        Object {
          "isArgument": true,
          "isInline": false,
          "name": "arg1",
          "returnType": "Boolean",
        },
        Object {
          "isArgument": true,
          "isInline": false,
          "name": "arg2",
          "returnType": "Object",
        },
        Object {
          "isArgument": false,
          "isInline": true,
          "name": "inline1",
          "returnType": "String",
        },
      ],
    },
    Object {
      "isConstructor": false,
      "isMethod": true,
      "isPublic": true,
      "isStatic": true,
      "locals": Array [],
      "locationRange": undefined,
      "name": "methodC",
      "owningClass": [Circular],
      "parameters": Array [],
      "returnType": "Void",
      "scopedMembers": Array [],
    },
    Object {
      "isConstructor": false,
      "isMethod": true,
      "isPublic": false,
      "isStatic": true,
      "locals": Array [
        Object {
          "isArgument": false,
          "isInline": true,
          "name": "inline1",
          "returnType": "String",
        },
      ],
      "locationRange": undefined,
      "name": "methodD",
      "owningClass": [Circular],
      "parameters": Array [],
      "returnType": "Void",
      "scopedMembers": Array [
        Object {
          "isArgument": false,
          "isInline": true,
          "name": "inline1",
          "returnType": "String",
        },
      ],
    },
  ],
  "_publicInstanceMemberLookup": Object {
    "memberA": Object {
      "isPublic": true,
      "isStatic": false,
      "name": "memberA",
      "owningClass": [Circular],
      "returnType": "String",
    },
    "memberE": Object {
      "isPublic": true,
      "isStatic": false,
      "name": "memberE",
      "owningClass": [Circular],
      "returnType": "MovieClip",
    },
    "methodA": Object {
      "isConstructor": false,
      "isMethod": true,
      "isPublic": true,
      "isStatic": false,
      "locals": Array [
        Object {
          "isArgument": false,
          "isInline": true,
          "name": "inline1",
          "returnType": "String",
        },
        Object {
          "isArgument": false,
          "isInline": true,
          "name": "inline2",
          "returnType": "Object",
        },
        Object {
          "isArgument": false,
          "isInline": true,
          "name": "inline3",
          "returnType": "String",
        },
      ],
      "locationRange": undefined,
      "name": "methodA",
      "owningClass": [Circular],
      "parameters": Array [
        Object {
          "isArgument": true,
          "isInline": false,
          "name": "arg1",
          "returnType": "String",
        },
        Object {
          "isArgument": true,
          "isInline": false,
          "name": "arg2",
          "returnType": "Number",
        },
      ],
      "returnType": "String",
      "scopedMembers": Array [
        Object {
          "isArgument": true,
          "isInline": false,
          "name": "arg1",
          "returnType": "String",
        },
        Object {
          "isArgument": true,
          "isInline": false,
          "name": "arg2",
          "returnType": "Number",
        },
        Object {
          "isArgument": false,
          "isInline": true,
          "name": "inline1",
          "returnType": "String",
        },
        Object {
          "isArgument": false,
          "isInline": true,
          "name": "inline2",
          "returnType": "Object",
        },
        Object {
          "isArgument": false,
          "isInline": true,
          "name": "inline3",
          "returnType": "String",
        },
      ],
    },
  },
  "_publicInstanceMembers": Array [
    Object {
      "isPublic": true,
      "isStatic": false,
      "name": "memberA",
      "owningClass": [Circular],
      "returnType": "String",
    },
    Object {
      "isPublic": true,
      "isStatic": false,
      "name": "memberE",
      "owningClass": [Circular],
      "returnType": "MovieClip",
    },
    Object {
      "isConstructor": false,
      "isMethod": true,
      "isPublic": true,
      "isStatic": false,
      "locals": Array [
        Object {
          "isArgument": false,
          "isInline": true,
          "name": "inline1",
          "returnType": "String",
        },
        Object {
          "isArgument": false,
          "isInline": true,
          "name": "inline2",
          "returnType": "Object",
        },
        Object {
          "isArgument": false,
          "isInline": true,
          "name": "inline3",
          "returnType": "String",
        },
      ],
      "locationRange": undefined,
      "name": "methodA",
      "owningClass": [Circular],
      "parameters": Array [
        Object {
          "isArgument": true,
          "isInline": false,
          "name": "arg1",
          "returnType": "String",
        },
        Object {
          "isArgument": true,
          "isInline": false,
          "name": "arg2",
          "returnType": "Number",
        },
      ],
      "returnType": "String",
      "scopedMembers": Array [
        Object {
          "isArgument": true,
          "isInline": false,
          "name": "arg1",
          "returnType": "String",
        },
        Object {
          "isArgument": true,
          "isInline": false,
          "name": "arg2",
          "returnType": "Number",
        },
        Object {
          "isArgument": false,
          "isInline": true,
          "name": "inline1",
          "returnType": "String",
        },
        Object {
          "isArgument": false,
          "isInline": true,
          "name": "inline2",
          "returnType": "Object",
        },
        Object {
          "isArgument": false,
          "isInline": true,
          "name": "inline3",
          "returnType": "String",
        },
      ],
    },
  ],
  "_publicStaticMemberLookup": Object {
    "memberC": Object {
      "isPublic": true,
      "isStatic": true,
      "name": "memberC",
      "owningClass": [Circular],
      "returnType": "Boolean",
    },
    "memberF": Object {
      "isPublic": true,
      "isStatic": true,
      "name": "memberF",
      "owningClass": [Circular],
      "returnType": undefined,
    },
    "methodC": Object {
      "isConstructor": false,
      "isMethod": true,
      "isPublic": true,
      "isStatic": true,
      "locals": Array [],
      "locationRange": undefined,
      "name": "methodC",
      "owningClass": [Circular],
      "parameters": Array [],
      "returnType": "Void",
      "scopedMembers": Array [],
    },
  },
  "_publicStaticMembers": Array [
    Object {
      "isPublic": true,
      "isStatic": true,
      "name": "memberC",
      "owningClass": [Circular],
      "returnType": "Boolean",
    },
    Object {
      "isPublic": true,
      "isStatic": true,
      "name": "memberF",
      "owningClass": [Circular],
      "returnType": undefined,
    },
    Object {
      "isConstructor": false,
      "isMethod": true,
      "isPublic": true,
      "isStatic": true,
      "locals": Array [],
      "locationRange": undefined,
      "name": "methodC",
      "owningClass": [Circular],
      "parameters": Array [],
      "returnType": "Void",
      "scopedMembers": Array [],
    },
  ],
  "_staticMemberLookup": Object {
    "memberC": Object {
      "isPublic": true,
      "isStatic": true,
      "name": "memberC",
      "owningClass": [Circular],
      "returnType": "Boolean",
    },
    "memberD": Object {
      "isPublic": false,
      "isStatic": true,
      "name": "memberD",
      "owningClass": [Circular],
      "returnType": "Object",
    },
    "memberF": Object {
      "isPublic": true,
      "isStatic": true,
      "name": "memberF",
      "owningClass": [Circular],
      "returnType": undefined,
    },
    "methodC": Object {
      "isConstructor": false,
      "isMethod": true,
      "isPublic": true,
      "isStatic": true,
      "locals": Array [],
      "locationRange": undefined,
      "name": "methodC",
      "owningClass": [Circular],
      "parameters": Array [],
      "returnType": "Void",
      "scopedMembers": Array [],
    },
    "methodD": Object {
      "isConstructor": false,
      "isMethod": true,
      "isPublic": false,
      "isStatic": true,
      "locals": Array [
        Object {
          "isArgument": false,
          "isInline": true,
          "name": "inline1",
          "returnType": "String",
        },
      ],
      "locationRange": undefined,
      "name": "methodD",
      "owningClass": [Circular],
      "parameters": Array [],
      "returnType": "Void",
      "scopedMembers": Array [
        Object {
          "isArgument": false,
          "isInline": true,
          "name": "inline1",
          "returnType": "String",
        },
      ],
    },
  },
  "_staticMembers": Array [
    Object {
      "isPublic": true,
      "isStatic": true,
      "name": "memberC",
      "owningClass": [Circular],
      "returnType": "Boolean",
    },
    Object {
      "isPublic": false,
      "isStatic": true,
      "name": "memberD",
      "owningClass": [Circular],
      "returnType": "Object",
    },
    Object {
      "isPublic": true,
      "isStatic": true,
      "name": "memberF",
      "owningClass": [Circular],
      "returnType": undefined,
    },
    Object {
      "isConstructor": false,
      "isMethod": true,
      "isPublic": true,
      "isStatic": true,
      "locals": Array [],
      "locationRange": undefined,
      "name": "methodC",
      "owningClass": [Circular],
      "parameters": Array [],
      "returnType": "Void",
      "scopedMembers": Array [],
    },
    Object {
      "isConstructor": false,
      "isMethod": true,
      "isPublic": false,
      "isStatic": true,
      "locals": Array [
        Object {
          "isArgument": false,
          "isInline": true,
          "name": "inline1",
          "returnType": "String",
        },
      ],
      "locationRange": undefined,
      "name": "methodD",
      "owningClass": [Circular],
      "parameters": Array [],
      "returnType": "Void",
      "scopedMembers": Array [
        Object {
          "isArgument": false,
          "isInline": true,
          "name": "inline1",
          "returnType": "String",
        },
      ],
    },
  ],
  "_wildcardImports": Array [],
  "baseUri": "",
  "constructorMethod": Object {
    "isConstructor": true,
    "isMethod": true,
    "isPublic": true,
    "isStatic": false,
    "locals": Array [],
    "locationRange": undefined,
    "name": "ParseTest",
    "owningClass": [Circular],
    "parameters": Array [],
    "returnType": "ParseTest",
    "scopedMembers": Array [],
  },
  "fileUri": "",
  "fullType": "package.ParseTest",
  "isIntrinsic": false,
  "lines": Array [
    "//",
    "",
    "class package.ParseTest extends MovieClip {",
    "",
    "  public var memberA: String = \\"     \\";",
    "  private var memberB: Number = 5;",
    "  public static var memberC: Boolean = false;",
    "  private static var memberD: Object = { a: 1, b: true };",
    "  var memberE: MovieClip;",
    "  static public var memberF;",
    "  //",
    "",
    "  public function ParseTest() {",
    "    super();",
    "  }",
    "  ",
    "  /*            */",
    "  ",
    "  public function methodA(arg1: String, arg2: Number): String {",
    "    this._visible = false;",
    "    var inline1: String = '                                             ', inline2: Object = { a: 1, b: 2 };",
    "    ",
    "    //",
    "    var inline3:String = '        ';",
    "    return inline3;",
    "  }",
    "    ",
    "  private function methodB(arg1: Boolean, arg2: Object): Void {",
    "    /*                 */",
    "    var inline1: String = \\"                                                \\"//",
    "  }",
    "    ",
    "  public static function methodC(): Void {",
    "    ParseTest.memberC = true;",
    "  }",
    "    ",
    "  private static function methodD(): Void {",
    "    /*               */",
    "    var inline1: String = '                         ' ' ",
    "  }",
    "  ",
    "}",
    "",
  ],
  "parentPackage": "package",
  "shortType": "ParseTest",
  "superClass": "MovieClip",
}
`;
